[37m[40m┌[0m[37m[40m─[0m[37m[40m─[0m[37m[40m─[0m[37m[40m─[0m[37m[40m─[0m[37m[40m─[0m[37m[40m─[0m[37m[40m─[0m[37m[40m┐[0m                                                                      
[37m[40m│[0m Button [37m[40m│[0m                                                                      
[37m[40m└[0m[37m[40m─[0m[37m[40m─[0m[37m[40m─[0m[37m[40m─[0m[37m[40m─[0m[37m[40m─[0m[37m[40m─[0m[37m[40m─[0m[37m[40m┘[0m                                                                      
                                                                                
                                                                                
                                                                                
                                                                                
                                                                                
                                                                                
                                                                                
                                                                                
                                                                                
                                                                                
                                                                                
                                                                                
                                                                                
                                                                                
                                                                                
                                                                                
                                                                                
                                                                                
                                                                                
                                                                                
                                                                                