[37m┌[0m[37m─[0m[37m─[0m[37m─[0m[37m─[0m[37m─[0m[37m─[0m[37m─[0m[37m─[0m[37m─[0m[37m─[0m[37m┐[0m                                                                    
[37m│[0m Disabled [37m│[0m                                                                    
[37m└[0m[37m─[0m[37m─[0m[37m─[0m[37m─[0m[37m─[0m[37m─[0m[37m─[0m[37m─[0m[37m─[0m[37m─[0m[37m┘[0m                                                                    
                                                                                
                                                                                
                                                                                
                                                                                
                                                                                
                                                                                
                                                                                
                                                                                
                                                                                
                                                                                
                                                                                
                                                                                
                                                                                
                                                                                
                                                                                
                                                                                
                                                                                
                                                                                
                                                                                
                                                                                
                                                                                