[1;14r7[15;1H[KInput: — | Stage: — | Ctx: — | Cost: —[16;1H[K [17;1H[K[2m\ continue · paste multiline · ↵ submit[0m87[15;1H[KInput: clear | Stage: turn_started | Ctx: — | Cost: —87[15;1H[KInput: clear | Stage: item_started | Ctx: — | Cost: —[16;1H[K» [17;1H[K [18;1H[K[2m\ continue · paste multiline · ↵ submit[0m87[15;1H[KInput: clear | Stage: item_completed | Ctx: — | Cost: —[16;1H[K○[17;1H[Kmix_test[18;1H[K [19;1H[K[2m\ continue · paste multiline · ↵ submit[0m87[15;1H[KInput: clear | Stage: item_started | Ctx: — | Cost: —87[15;1H[KInput: clear | Stage: item_completed | Ctx: — | Cost: —[16;1H[K✓87[15;1H[KInput: clear | Stage: item_started | Ctx: — | Cost: —87[1;1H✓
[1mmix_test[0m
✓
[1mTool Result[0m
[1m⚠ untrusted[0m
42 tests, 0 failures
87[15;1H[KInput: clear | Stage: item_completed | Ctx: — | Cost: —[16;1H[K[assistant][17;1H[KAll 42 tests passed.87[15;1H[KInput: clear | Stage: turn_completed | Ctx: — | Cost: $0.0087[15;1H[KInput: clear | Stage: turn_started | Ctx: — | Cost: $0.0087[15;1H[KInput: clear | Stage: item_started | Ctx: — | Cost: $0.0087[7;1H[2m[assistant][0m
All 42 tests passed.
[2m1 evidence ref: 1 tool result[0m
[2m· mix_test — 42 tests, 0 failures[0m
87[15;1H[KInput: clear | Stage: item_completed | Ctx: — | Cost: $0.00[17;1H[KSounds good, wrapping up now.87[11;1H[2m[assistant][0m
Sounds good, wrapping up now.
[2mno evidence provided[0m
87[15;1H[KInput: clear | Stage: turn_completed | Ctx: — | Cost: $0.00[16;1H[K [17;1H[K[2m\ continue · paste multiline · ↵ submit[0m[18;1H[K[19;1H[K8