[1;14r7[15;1H[K[1m❯[0m  8[15;3H[?25l7[15;1H[K[16;1H[K[1m❯[0m  8[16;3H[?25h[?25l7[15;1H[K thinking[16;1H[K » [17;1H[K[1m❯[0m  8[17;3H[?25h[?25l7[15;1H[K running mix_test[16;1H[K[2m⠸[0m⚙ mix_test8[17;3H[?25h[?25l7[15;1H[K thinking[16;1H[K[2m⠼[0m⚙ mix_test8[17;3H[?25h7[16;1H[K ⚙ mix_test · ⚠︎ untrusted8[17;3H7[1;1H [2;38;2;111;111;111m⚙ mix_test · ⚠︎ untrusted[0m
8[?25l7[15;1H[K responding[16;1H[K All 42 tests passed.8[17;3H[?25h[?25l7[15;1H[K All 42 tests passed.[16;1H[K 1 evidence ref: 1 tool result8[17;3H[?25h[?25l7[15;1H[K  | $0.00[16;1H[K All 42 tests passed.[17;1H[K 1 evidence ref: 1 tool result[18;1H[K[1m❯[0m  8[18;3H[?25h7[15;1H[K thinking | $0.008[18;3H7[2;1H
[1m❮[0m All 42 tests passed.
  [2m1 evidence ref: 1 tool result[0m
  [2m· mix_test — 42 tests, 0 failures[0m
8[?25l7[15;1H[K responding | $0.00[16;1H[K Sounds good, wrapping up now.[17;1H[K[1m❯[0m  [18;1H[K8[17;3H[?25h7[6;1H
[1m❮[0m Sounds good, wrapping up now.
8[?25l7[15;1H[K[1m❯[0m  [16;1H[K[17;1H[K8[15;3H[?25h