[1;14r7[15;1H[K[1m❯[0m  8[15;3H[?25l7[15;1H[K Input: clear | Stage: turn_started | Ctx: — | Cost: —[16;1H[K[1m❯[0m  8[16;3H[?25h[?25l7[15;1H[K Input: clear | Stage: item_started | Ctx: — | Cost: —[16;1H[K » [17;1H[K[1m❯[0m  8[17;3H[?25h[?25l7[15;1H[K Input: clear | Stage: item_completed | Ctx: — | Cost: —[16;1H[K ○[17;1H[K mix_test[18;1H[K[1m❯[0m  8[18;3H[?25h7[15;1H[K Input: clear | Stage: item_started | Ctx: — | Cost: —8[18;3H[?25l7[15;1H[K Input: clear | Stage: item_completed | Ctx: — | Cost: —[16;1H[K ✓8[18;3H[?25h7[15;1H[K Input: clear | Stage: item_started | Ctx: — | Cost: —8[18;3H7[1;1H ✓
 [1mmix_test[0m
 ✓
 [1mTool Result[0m
 [1m⚠ untrusted[0m
 42 tests, 0 failures
8[?25l7[15;1H[K Input: clear | Stage: item_completed | Ctx: — | Cost: —[16;1H[K [assistant][17;1H[K All 42 tests passed.8[18;3H[?25h[?25l7[15;1H[K [assistant][16;1H[K All 42 tests passed.[17;1H[K[1m❯[0m  [18;1H[K8[17;3H[?25h[?25l7[15;1H[K Input: clear | Stage: turn_started | Ctx: — | Cost: $0.00[16;1H[K [assistant][17;1H[K All 42 tests passed.[18;1H[K[1m❯[0m  8[18;3H[?25h7[15;1H[K Input: clear | Stage: item_started | Ctx: — | Cost: $0.008[18;3H7[7;1H
 [2m[assistant][0m
 All 42 tests passed.
 [2m1 evidence ref: 1 tool result[0m
 [2m· mix_test — 42 tests, 0 failures[0m
8[?25l7[15;1H[K Input: clear | Stage: item_completed | Ctx: —[17;1H[K Sounds good, wrapping up now.8[18;3H[?25h7[12;1H
 [2m[assistant][0m
 Sounds good, wrapping up now.
 [2mno evidence provided[0m
8[?25l7[15;1H[K[1m❯[0m  [16;1H[K[17;1H[K[18;1H[K8[15;3H[?25h