[1;14r7[15;1H[K[1m❯[0m  8[15;3H[?25l7[15;1H[K thinking[16;1H[K[1m❯[0m  8[16;3H[?25h[?25l7[16;1H[K ∴ [17;1H[K[1m❯[0m  8[17;3H[?25h[?25l7[15;1H[K responding[16;1H[K ∴ reasoning · 1 line8[17;3H[?25h7[15;1H[K thinking8[17;3H7[1;1H [2m∴ reasoning · 1 line[0m
8[?25l7[15;1H[K running list_dir[16;1H[K[2m⠴[0m⚙ list_dir(path: ".") · running…8[17;3H[?25h[?25l7[15;1H[K thinking[16;1H[K[2m⠦[0m⚙ list_dir(path: ".") · running…8[17;3H[?25h7[16;1H[K ⚙ list_dir(path: ".") · ✓ 4 lines · 300ms · ⚠︎ untrusted8[17;3H7[2;1H
 [2m⚙ list_dir(path: ".") · ✓ 4 lines · 300ms · ⚠︎ untrusted[0m
8[?25l7[15;1H[K running read_file[16;1H[K[2m⠏[0m⚙ read_file(path: "mix.exs") · running…8[17;3H[?25h[?25l7[15;1H[K thinking[16;1H[K[2m⠋[0m⚙ read_file(path: "mix.exs") · running…8[17;3H[?25h7[16;1H[K ⚙ read_file(path: "mix.exs") · ✓ 3 lines · 300ms · ⚠︎ unt…8[17;3H7[15;1H[K responding8[17;3H7[4;1H
 [2m⚙ read_file(path: "mix.exs") · ✓ 3 lines · 300ms · ⚠︎ unt…[0m
87[16;1H[K Root has mix.exs, lib/, test/, README.md.8[17;3H7[6;1H
[1m❮[0m Root has mix.exs, lib/, test/, README.md.
  [2mno evidence provided[0m
8[?25l7[15;1H[K[1m❯[0m  [16;1H[K[17;1H[K8[15;3H[?25h