[1;14r7[15;1H[K[1m❯[0m  8[15;3H[?25l7[15;1H[K Input: clear | Stage: turn_started | Ctx: — | Cost: —[16;1H[K[1m❯[0m  8[16;3H[?25h[?25l7[15;1H[K Input: clear | Stage: item_started | Ctx: — | Cost: —[16;1H[K » [17;1H[K[1m❯[0m  8[17;3H[?25h[?25l7[15;1H[K Input: clear | Stage: item_completed | Ctx: — | Cost: —[16;1H[K ▸ ∴ I should list the directory first, then read mix.exs.[17;1H[K 100ms[18;1H[K[1m❯[0m  8[18;3H[?25h7[15;1H[K Input: clear | Stage: item_started | Ctx: — | Cost: —8[18;3H7[1;1H [2m▸ ∴ I should list the directory first, then read mix.exs.[0m
 [2m100ms[0m
8[?25l7[15;1H[K Input: clear | Stage: item_completed | Ctx: — | Cost: —[16;1H[K ○[17;1H[K list_dir8[18;3H[?25h7[15;1H[K Input: clear | Stage: item_started | Ctx: — | Cost: —8[18;3H[?25l7[15;1H[K Input: clear | Stage: item_completed | Ctx: — | Cost: —[16;1H[K ✓8[18;3H[?25h7[15;1H[K Input: clear | Stage: item_started | Ctx: — | Cost: —8[18;3H7[3;1H
 ✓
 [1mlist_dir[0m
 [2m(path: ".")[0m
 ✓
 [1mTool Result[0m
 [1m⚠ untrusted[0m
 mix.exs
 lib/
 test/
 README.md
8[?25l7[15;1H[K Input: clear | Stage: item_completed | Ctx: — | Cost: —[16;1H[K ○[17;1H[K read_file8[18;3H[?25h7[15;1H[K Input: clear | Stage: item_started | Ctx: — | Cost: —8[18;3H[?25l7[15;1H[K Input: clear | Stage: item_completed | Ctx: — | Cost: —[16;1H[K ✓8[18;3H[?25h7[15;1H[K Input: clear | Stage: item_started | Ctx: — | Cost: —8[18;3H7[15;1H[K Input: clear | Stage: item_delta | Ctx: — | Cost: —8[18;3H7[14;1H
 ✓
 [1mread_file[0m
 [2m(path: "mix.exs")[0m
 ✓
 [1mTool Result[0m
 [1m⚠ untrusted[0m
 defmodule Raxol.MixProject do
   use Mix.Project
 end
8[?25l7[15;1H[K Input: clear | Stage: item_completed | Ctx: — | Cost: —[16;1H[K Root has mix.exs, lib/, test/, README.md.[17;1H[K[1m❯[0m  [18;1H[K8[17;3H[?25h7[14;1H
 Root has mix.exs, lib/, test/, README.md.
 [2mno evidence provided[0m
8[?25l7[15;1H[K[1m❯[0m  [16;1H[K[17;1H[K8[15;3H[?25h