[1;14r7[15;1H[KInput: — | Stage: — | Ctx: — | Cost: —[16;1H[K [17;1H[K[2m\ continue · paste multiline · ↵ submit[0m87[15;1H[KInput: clear | Stage: turn_started | Ctx: — | Cost: —87[15;1H[KInput: clear | Stage: item_started | Ctx: — | Cost: —[16;1H[K» [17;1H[K [18;1H[K[2m\ continue · paste multiline · ↵ submit[0m87[15;1H[KInput: clear | Stage: item_delta | Ctx: — | Cost: —[16;1H[K» Hel87[16;1H[K» Hello!87[15;1H[KInput: clear | Stage: item_completed | Ctx: — | Cost: —[16;1H[K[assistant][17;1H[KHello![18;1H[K [19;1H[K[2m\ continue · paste multiline · ↵ submit[0m87[1;1H[2m[assistant][0m
Hello!
87[15;1H[KInput: clear | Stage: turn_completed | Ctx: — | Cost: $0.00[16;1H[K [17;1H[K[2m\ continue · paste multiline · ↵ submit[0m[18;1H[K[19;1H[K8