[1;14r7[15;1H[K[1m❯[0m  8[15;3H[?25l7[15;1H[K Input: clear | Stage: turn_started | Ctx: — | Cost: —[16;1H[K[1m❯[0m  8[16;3H[?25h[?25l7[15;1H[K Input: clear | Stage: item_started | Ctx: — | Cost: —[16;1H[K » [17;1H[K[1m❯[0m  8[17;3H[?25h[?25l7[15;1H[K Input: clear | Stage: item_delta | Ctx: — | Cost: —[16;1H[K » Hel8[17;3H[?25h7[16;1H[K » Hello!8[17;3H[?25l7[15;1H[K Input: clear | Stage: item_completed | Ctx: — | Cost: —[16;1H[K Hello!8[17;3H[?25h7[1;1H[1m❮[0m Hello!
8[?25l7[15;1H[K[1m❯[0m  [16;1H[K[17;1H[K8[15;3H[?25h